
Allocating common symbols
Common symbol       size              file

netbufpool          0x4               binaries/net.o
readylist           0x2               binaries/ready.o
rfltab              0x5a0             binaries/rflinit.o
sleepq              0x2               binaries/clkinit.o
nnames              0x4               binaries/naminit.o
timestamp           0x4               binaries/clkinit.o
udptab              0x168             binaries/udp.o
minheap             0x4               binaries/meminit.o
marks               0x50              binaries/mark.o
currpid             0x4               binaries/initialize.o
Lf_data             0x20c             binaries/lfsinit.o
porttab             0x2d0             binaries/ptinit.o
girmask             0x2               binaries/evec.o
ttytab              0x10c             binaries/ttyinit.o
proctab             0x1770            binaries/initialize.o
prcount             0x4               binaries/initialize.o
lfltab              0xf00             binaries/lflinit.o
rdstab              0x8c              binaries/rdsinit.o
ethertab            0x138             binaries/ethinit.o
NetData             0xa8              binaries/net.o
nmarks              0x4               binaries/mark.o
Defer               0x8               binaries/resched.o
semtab              0x4b0             binaries/initialize.o
maxheap             0x4               binaries/meminit.o
preempt             0x4               binaries/clkinit.o
buftab              0xf0              binaries/bufinit.o
Rf_data             0x18              binaries/rfsinit.o
clktimefine         0x4               binaries/clkinit.o
mkmutex             0x4               binaries/mark.o
clktime             0x4               binaries/clkinit.o
arpcache            0x140             binaries/arp.o
icmptab             0x230             binaries/icmp.o
nbpools             0x4               binaries/bufinit.o
queuetab            0x980             binaries/queue.o
ptnextid            0x4               binaries/ptinit.o
Ram                 0x19000           binaries/raminit.o
ipoqueue            0x2c              binaries/ip.o
memlist             0x8               binaries/initialize.o
nametab             0x19a0            binaries/naminit.o
ptfree              0x4               binaries/ptinit.o

Memory Configuration

Name             Origin             Length             Attributes
*default*        0x0000000000000000 0xffffffffffffffff

Linker script and memory map

                0x0000000000100000                physbase = 0x100000
                0x0000000000100000                . = physbase
                0x0000000000100000                . = ALIGN (0x1000)

.text           0x0000000000100000    0x15000
                0x0000000000100000                text = ABSOLUTE (.)
 *(.text .text.*)
 .text          0x0000000000100000      0x1ac binaries/start.o
                0x0000000000100028                start
                0x00000000001000fa                inb
                0x0000000000100102                inw
                0x000000000010010b                inl
                0x0000000000100113                outb
                0x000000000010011d                outw
                0x0000000000100128                outl
                0x0000000000100132                _rtcin
                0x000000000010013d                ___udivsi3
                0x0000000000100148                ___divsi3
                0x0000000000100154                sbzero
                0x0000000000100164                bcopy
                0x0000000000100178                insw
                0x000000000010018e                outsw
                0x00000000001001a4                lidt
 .text          0x00000000001001ac      0x2df binaries/ascdate.o
                0x00000000001001ac                ascdate
 .text          0x000000000010048b       0x14 binaries/bufinit.o
                0x000000000010048b                bufinit
 .text          0x000000000010049f       0x6c binaries/chprio.o
                0x000000000010049f                chprio
 .text          0x000000000010050b       0x7a binaries/clkhandler.o
                0x000000000010050b                clkhandler
 .text          0x0000000000100585       0x81 binaries/clkinit.o
                0x0000000000100585                clkinit
 .text          0x0000000000100606       0x51 binaries/close.o
                0x0000000000100606                close
 .text          0x0000000000100657        0x0 binaries/conf.o
 .text          0x0000000000100657       0x66 binaries/control.o
                0x0000000000100657                control
 .text          0x00000000001006bd       0xe1 binaries/cpuintensive.o
                0x00000000001006bd                cpuintensive
 .text          0x000000000010079e      0x206 binaries/create.o
                0x000000000010079e                create
 .text          0x00000000001009a4      0x2bb binaries/early_imr.o
                0x00000000001009a4                intel_cln_early_sb_read_reg
                0x0000000000100a0b                intel_cln_early_sb_write_reg
                0x0000000000100b1e                remove_irm_protections
 .text          0x0000000000100c5f      0x37f binaries/evec.o
                0x0000000000100c5f                setirmask
                0x0000000000100c9e                set_evec
                0x0000000000100cfd                initevec
                0x0000000000100e11                trap
 .text          0x0000000000100fde       0x6a binaries/freebuf.o
                0x0000000000100fde                freebuf
 .text          0x0000000000101048      0x102 binaries/freemem.o
                0x0000000000101048                freemem
 .text          0x000000000010114a       0x69 binaries/getbuf.o
                0x000000000010114a                getbuf
 .text          0x00000000001011b3       0x51 binaries/getc.o
                0x00000000001011b3                getc
 .text          0x0000000000101204       0x68 binaries/getdev.o
                0x0000000000101204                getdev
 .text          0x000000000010126c       0x86 binaries/getitem.o
                0x000000000010126c                getitem
                0x000000000010129b                getfirst
                0x00000000001012c4                getlast
 .text          0x00000000001012f2       0xb5 binaries/getmem.o
                0x00000000001012f2                getmem
 .text          0x00000000001013a7        0xa binaries/getpid.o
                0x00000000001013a7                getpid
 .text          0x00000000001013b1       0x5f binaries/getprio.o
                0x00000000001013b1                getprio
 .text          0x0000000000101410       0xa2 binaries/getstk.o
                0x0000000000101410                getstk
 .text          0x00000000001014b2       0x32 binaries/gettime.o
                0x00000000001014b2                gettime
 .text          0x00000000001014e4      0x1b4 binaries/getutime.o
                0x00000000001014e4                getutime
 .text          0x0000000000101698       0x51 binaries/init.o
                0x0000000000101698                init
 .text          0x00000000001016e9      0x2ba binaries/initialize.o
                0x00000000001016e9                nulluser
                0x0000000000101956                stop
                0x000000000010197d                delay
 .text          0x00000000001019a3      0x142 binaries/insert.o
                0x00000000001019a3                insert
                0x0000000000101a44                insertNonDescending
 .text          0x0000000000101ae5       0xf1 binaries/insertd.o
                0x0000000000101ae5                insertd
 .text          0x0000000000101bd6        0xa binaries/ioerr.o
                0x0000000000101bd6                ioerr
 .text          0x0000000000101be0       0x96 binaries/iointensive.o
                0x0000000000101be0                iointensive
 .text          0x0000000000101c76        0xa binaries/ionull.o
                0x0000000000101c76                ionull
 .text          0x0000000000101c80      0x142 binaries/kill.o
                0x0000000000101c80                kill
 .text          0x0000000000101dc2       0xbf binaries/kprintf.o
                0x0000000000101dc2                kputc
                0x0000000000101df4                console_init
                0x0000000000101e34                kgetc
                0x0000000000101e5a                kprintf
 .text          0x0000000000101e81       0x36 binaries/lab0app1.o
                0x0000000000101e81                lab0app1
 .text          0x0000000000101eb7       0x3e binaries/lab0app2.o
                0x0000000000101eb7                lab0app2
 .text          0x0000000000101ef5      0x1aa binaries/main.o
                0x0000000000101ef5                main
 .text          0x000000000010209f       0x97 binaries/mark.o
                0x000000000010209f                markinit
                0x00000000001020c2                mark
 .text          0x0000000000102136      0x1c7 binaries/meminit.o
                0x0000000000102136                meminit
                0x0000000000102285                setsegs
 .text          0x00000000001022fd      0x111 binaries/mkbufpool.o
                0x00000000001022fd                mkbufpool
 .text          0x000000000010240e       0x24 binaries/myattacker.o
                0x000000000010240e                myattacker
 .text          0x0000000000102432       0x2f binaries/myattackermalware.o
                0x0000000000102432                myattackermalware
 .text          0x0000000000102461       0x3f binaries/myvictim.o
                0x0000000000102461                victimSleeper
                0x0000000000102475                myvictim
 .text          0x00000000001024a0       0x63 binaries/newqueue.o
                0x00000000001024a0                newqueue
 .text          0x0000000000102503       0x5f binaries/open.o
                0x0000000000102503                open
 .text          0x0000000000102562       0x20 binaries/panic.o
                0x0000000000102562                panic
 .text          0x0000000000102582      0x27a binaries/pci.o
                0x0000000000102582                pci_init
                0x000000000010258c                find_pci_device
                0x0000000000102649                pci_read_config_byte
                0x0000000000102685                pci_read_config_word
                0x00000000001026c3                pci_read_config_dword
                0x00000000001026ff                pci_write_config_byte
                0x0000000000102739                pci_write_config_word
                0x0000000000102774                pci_write_config_dword
                0x00000000001027ae                pci_get_dev_mmio_base_addr
 .text          0x00000000001027fc       0x5a binaries/platinit.o
                0x00000000001027fc                platinit
 .text          0x0000000000102856       0x33 binaries/printloop.o
                0x0000000000102856                printloop
 .text          0x0000000000102889       0x3d binaries/printnoloop.o
                0x0000000000102889                printnoloop
 .text          0x00000000001028c6       0xd7 binaries/printsegaddress.o
                0x00000000001028c6                printsegaddress
 .text          0x000000000010299d       0xa9 binaries/ptclear.o
                0x000000000010299d                _ptclear
 .text          0x0000000000102a46       0x71 binaries/ptcount.o
                0x0000000000102a46                ptcount
 .text          0x0000000000102ab7       0xc3 binaries/ptcreate.o
                0x0000000000102ab7                ptcreate
 .text          0x0000000000102b7a       0x68 binaries/ptdelete.o
                0x0000000000102b7a                ptdelete
 .text          0x0000000000102be2       0x8c binaries/ptinit.o
                0x0000000000102be2                ptinit
 .text          0x0000000000102c6e       0xc0 binaries/ptrecv.o
                0x0000000000102c6e                ptrecv
 .text          0x0000000000102d2e       0x62 binaries/ptreset.o
                0x0000000000102d2e                ptreset
 .text          0x0000000000102d90       0xd2 binaries/ptsend.o
                0x0000000000102d90                ptsend
 .text          0x0000000000102e62       0x5f binaries/putc.o
                0x0000000000102e62                putc
 .text          0x0000000000102ec1       0xd3 binaries/quark_irq.o
                0x0000000000102ec1                quark_irq_routing
 .text          0x0000000000102f94      0x1c1 binaries/quark_pdat.o
                0x0000000000102f94                get_quark_pdat_entry_data_by_id
                0x0000000000103071                get_quark_pdat_entry_data_by_desc
 .text          0x0000000000103155       0xcb binaries/queue.o
                0x0000000000103155                enqueue
                0x00000000001031d9                dequeue
 .text          0x0000000000103220       0x5f binaries/read.o
                0x0000000000103220                read
 .text          0x000000000010327f       0x6d binaries/ready.o
                0x000000000010327f                ready
 .text          0x00000000001032ec       0x55 binaries/receive.o
                0x00000000001032ec                receive
 .text          0x0000000000103341       0x46 binaries/recvclr.o
                0x0000000000103341                recvclr
 .text          0x0000000000103387       0xa0 binaries/recvtime.o
                0x0000000000103387                recvtime
 .text          0x0000000000103427      0x188 binaries/resched.o
                0x0000000000103427                resched
                0x000000000010353d                resched_cntl
 .text          0x00000000001035af       0x8a binaries/resume.o
                0x00000000001035af                resume
 .text          0x0000000000103639       0x58 binaries/seek.o
                0x0000000000103639                seek
 .text          0x0000000000103691       0x4a binaries/semcount.o
                0x0000000000103691                semcount
 .text          0x00000000001036db       0x95 binaries/semcreate.o
                0x00000000001036db                semcreate
 .text          0x0000000000103770       0xab binaries/semdelete.o
                0x0000000000103770                semdelete
 .text          0x000000000010381b       0x96 binaries/semreset.o
                0x000000000010381b                semreset
 .text          0x00000000001038b1       0xb6 binaries/send.o
                0x00000000001038b1                send
 .text          0x0000000000103967       0x7f binaries/signal.o
                0x0000000000103967                signal
 .text          0x00000000001039e6       0xaa binaries/signaln.o
                0x00000000001039e6                signaln
 .text          0x0000000000103a90       0xbf binaries/sleep.o
                0x0000000000103a90                sleepms
                0x0000000000103b1d                sleep
 .text          0x0000000000103b4f       0xaf binaries/stackdepth.o
                0x0000000000103b4f                stackdepth
 .text          0x0000000000103bfe       0xd1 binaries/stackdepth_linux.o
                0x0000000000103bfe                stackdepth_linux
                0x0000000000103c7b                foo
                0x0000000000103c98                doublefoo
                0x0000000000103cb1                fooforever
 .text          0x0000000000103ccf      0x18e binaries/stacktrace.o
                0x0000000000103ccf                stacktrace
 .text          0x0000000000103e5d       0xb9 binaries/suspend.o
                0x0000000000103e5d                suspend
 .text          0x0000000000103f16       0xab binaries/unsleep.o
                0x0000000000103f16                unsleep
 .text          0x0000000000103fc1       0x15 binaries/userret.o
                0x0000000000103fc1                userret
 .text          0x0000000000103fd6       0xa2 binaries/wait.o
                0x0000000000103fd6                wait
 .text          0x0000000000104078       0x72 binaries/wakeup.o
                0x0000000000104078                wakeup
 .text          0x00000000001040ea       0x5f binaries/write.o
                0x00000000001040ea                write
 .text          0x0000000000104149       0x19 binaries/xdone.o
                0x0000000000104149                xdone
 .text          0x0000000000104162       0x26 binaries/yield.o
                0x0000000000104162                yield
 .text          0x0000000000104188       0x11 binaries/abs.o
                0x0000000000104188                abs
 .text          0x0000000000104199       0x73 binaries/atoi.o
                0x0000000000104199                atoi
 .text          0x000000000010420c       0x73 binaries/atol.o
                0x000000000010420c                atol
 .text          0x000000000010427f       0x1a binaries/bzero.o
                0x000000000010427f                bzero
 .text          0x0000000000104299        0x0 binaries/ctype_.o
 .text          0x0000000000104299      0x682 binaries/doprnt.o
                0x00000000001043e9                _doprnt
 .text          0x000000000010491b      0x576 binaries/doscan.o
                0x000000000010491b                _doscan
 .text          0x0000000000104e91      0x635 binaries/fdoprnt.o
                0x0000000000104f13                _fdoprnt
 .text          0x00000000001054c6       0x1c binaries/fgetc.o
                0x00000000001054c6                fgetc
 .text          0x00000000001054e2       0x5d binaries/fgets.o
                0x00000000001054e2                fgets
 .text          0x000000000010553f       0x2e binaries/fprintf.o
                0x000000000010553f                fprintf
 .text          0x000000000010556d       0x27 binaries/fputc.o
                0x000000000010556d                fputc
 .text          0x0000000000105594       0x3c binaries/fputs.o
                0x0000000000105594                fputs
 .text          0x00000000001055d0       0x7b binaries/fscanf.o
                0x000000000010560c                fscanf
 .text          0x000000000010564b       0x28 binaries/getchar.o
                0x000000000010564b                getchar
 .text          0x0000000000105673       0x11 binaries/labs.o
                0x0000000000105673                labs
 .text          0x0000000000105684       0x36 binaries/memchr.o
                0x0000000000105684                memchr
 .text          0x00000000001056ba       0x4b binaries/memcmp.o
                0x00000000001056ba                memcmp
 .text          0x0000000000105705       0x26 binaries/memcpy.o
                0x0000000000105705                memcpy
 .text          0x000000000010572b       0x1f binaries/memset.o
                0x000000000010572b                memset
 .text          0x000000000010574a       0x43 binaries/printf.o
                0x000000000010574a                printf
 .text          0x000000000010578d       0x2f binaries/putchar.o
                0x000000000010578d                putchar
 .text          0x00000000001057bc      0x1c2 binaries/qsort.o
                0x0000000000105956                qsort
 .text          0x000000000010597e       0x4b binaries/rand.o
                0x000000000010597e                srand
                0x000000000010598b                rand
 .text          0x00000000001059c9       0x55 binaries/sprintf.o
                0x00000000001059e2                sprintf
 .text          0x0000000000105a1e       0x6f binaries/sscanf.o
                0x0000000000105a4e                sscanf
 .text          0x0000000000105a8d       0x35 binaries/strchr.o
                0x0000000000105a8d                strchr
 .text          0x0000000000105ac2       0x45 binaries/strcmp.o
                0x0000000000105ac2                strcmp
 .text          0x0000000000105b07       0x1c binaries/strcpy.o
                0x0000000000105b07                strcpy
 .text          0x0000000000105b23       0x20 binaries/strlen.o
                0x0000000000105b23                strlen
 .text          0x0000000000105b43       0x3c binaries/strncat.o
                0x0000000000105b43                strncat
 .text          0x0000000000105b7f       0x3b binaries/strncmp.o
                0x0000000000105b7f                strncmp
 .text          0x0000000000105bba       0x59 binaries/strncpy.o
                0x0000000000105bba                strncpy
 .text          0x0000000000105c13       0x32 binaries/strnlen.o
                0x0000000000105c13                strnlen
 .text          0x0000000000105c45       0x32 binaries/strrchr.o
                0x0000000000105c45                strrchr
 .text          0x0000000000105c77       0x71 binaries/strstr.o
                0x0000000000105c77                strstr
 .text          0x0000000000105ce8       0xbd binaries/ttycontrol.o
                0x0000000000105ce8                ttycontrol
 .text          0x0000000000105da5       0x7e binaries/ttygetc.o
                0x0000000000105da5                ttygetc
 .text          0x0000000000105e23      0x4a3 binaries/ttyhandle_in.o
                0x0000000000105ee6                ttyhandle_in
 .text          0x00000000001062c6      0x170 binaries/ttyhandle_out.o
                0x00000000001062c6                ttyhandle_out
 .text          0x0000000000106436       0x87 binaries/ttyhandler.o
                0x0000000000106436                ttyhandler
 .text          0x00000000001064bd      0x151 binaries/ttyinit.o
                0x00000000001064bd                ttyinit
 .text          0x000000000010660e        0xf binaries/ttykickout.o
                0x000000000010660e                ttykickout
 .text          0x000000000010661d       0x95 binaries/ttyputc.o
                0x000000000010661d                ttyputc
 .text          0x00000000001066b2       0xec binaries/ttyread.o
                0x00000000001066b2                ttyread
 .text          0x000000000010679e       0x4e binaries/ttywrite.o
                0x000000000010679e                ttywrite
 .text          0x00000000001067ec      0x110 binaries/mount.o
                0x00000000001067ec                namlen
                0x0000000000106828                mount
 .text          0x00000000001068fc      0x205 binaries/naminit.o
                0x00000000001068fc                naminit
 .text          0x0000000000106b01      0x203 binaries/nammap.o
                0x0000000000106b01                namrepl
                0x0000000000106c14                namcpy
                0x0000000000106c62                nammap
 .text          0x0000000000106d04       0x4e binaries/namopen.o
                0x0000000000106d04                namopen
 .text          0x0000000000106d52       0xdd binaries/colon2mac.o
                0x0000000000106d52                colon2mac
 .text          0x0000000000106e2f       0x77 binaries/ethcontrol.o
                0x0000000000106e2f                ethcontrol
 .text          0x0000000000106ea6      0x106 binaries/ethhandler.o
                0x0000000000106ea6                ethhandler
 .text          0x0000000000106fac      0x4da binaries/ethinit.o
                0x0000000000106fac                eth_phy_read
                0x0000000000106fee                eth_phy_write
                0x0000000000107031                eth_phy_reset
                0x0000000000107130                ethinit
 .text          0x0000000000107486      0x125 binaries/ethmcast.o
                0x0000000000107486                ethmcast_add
                0x00000000001074db                ethmcast_remove
 .text          0x00000000001075ab      0x14b binaries/ethread.o
                0x00000000001075ab                ethread
 .text          0x00000000001076f6       0xa6 binaries/ethwrite.o
                0x00000000001076f6                ethwrite
 .text          0x000000000010779c       0x65 binaries/rdsbufalloc.o
                0x000000000010779c                rdsbufalloc
 .text          0x0000000000107801       0x82 binaries/rdsclose.o
                0x0000000000107801                rdsclose
 .text          0x0000000000107883      0x1f1 binaries/rdscomm.o
                0x0000000000107883                rdscomm
 .text          0x0000000000107a74      0x18f binaries/rdscontrol.o
                0x0000000000107a74                rdscontrol
 .text          0x0000000000107c03      0x183 binaries/rdsinit.o
                0x0000000000107c03                rdsinit
 .text          0x0000000000107d86      0x15b binaries/rdsopen.o
                0x0000000000107d86                rdsopen
 .text          0x0000000000107ee1      0x2e4 binaries/rdsprocess.o
                0x0000000000107ee1                rdsprocess
 .text          0x00000000001081c5      0x18b binaries/rdsread.o
                0x00000000001081c5                rdsread
 .text          0x0000000000108350      0x141 binaries/rdswrite.o
                0x0000000000108350                rdswrite
 .text          0x0000000000108491        0xa binaries/ramclose.o
                0x0000000000108491                ramclose
 .text          0x000000000010849b       0x45 binaries/raminit.o
                0x000000000010849b                raminit
 .text          0x00000000001084e0        0xa binaries/ramopen.o
                0x00000000001084e0                ramopen
 .text          0x00000000001084ea       0x2f binaries/ramread.o
                0x00000000001084ea                ramread
 .text          0x0000000000108519       0x2f binaries/ramwrite.o
                0x0000000000108519                ramwrite
 .text          0x0000000000108548       0x94 binaries/lfdballoc.o
                0x0000000000108548                lfdballoc
 .text          0x00000000001085dc       0x5d binaries/lfdbfree.o
                0x00000000001085dc                lfdbfree
 .text          0x0000000000108639       0xad binaries/lfflush.o
                0x0000000000108639                lfflush
 .text          0x00000000001086e6       0x82 binaries/lfgetmode.o
                0x00000000001086e6                lfgetmode
 .text          0x0000000000108768       0x6a binaries/lfiballoc.o
                0x0000000000108768                lfiballoc
 .text          0x00000000001087d2       0x27 binaries/lfibclear.o
                0x00000000001087d2                lfibclear
 .text          0x00000000001087f9       0x75 binaries/lfibget.o
                0x00000000001087f9                lfibget
 .text          0x000000000010886e       0x9d binaries/lfibput.o
                0x000000000010886e                lfibput
 .text          0x000000000010890b       0x79 binaries/lflclose.o
                0x000000000010890b                lflclose
 .text          0x0000000000108984       0xa3 binaries/lflcontrol.o
                0x0000000000108984                lflcontrol
 .text          0x0000000000108a27       0xa1 binaries/lflgetc.o
                0x0000000000108a27                lflgetc
 .text          0x0000000000108ac8       0xbb binaries/lflinit.o
                0x0000000000108ac8                lflinit
 .text          0x0000000000108b83       0xbc binaries/lflputc.o
                0x0000000000108b83                lflputc
 .text          0x0000000000108c3f       0x6b binaries/lflread.o
                0x0000000000108c3f                lflread
 .text          0x0000000000108caa       0x84 binaries/lflseek.o
                0x0000000000108caa                lflseek
 .text          0x0000000000108d2e       0x5a binaries/lflwrite.o
                0x0000000000108d2e                lflwrite
 .text          0x0000000000108d88      0x126 binaries/lfsckfmt.o
                0x0000000000108d88                lfsckfmt
 .text          0x0000000000108eae      0x201 binaries/lfscreate.o
                0x0000000000108eae                lfscreate
 .text          0x00000000001090af      0x1b8 binaries/lfsetup.o
                0x00000000001090af                lfsetup
 .text          0x0000000000109267       0x52 binaries/lfsinit.o
                0x0000000000109267                lfsinit
 .text          0x00000000001092b9      0x2ab binaries/lfsopen.o
                0x00000000001092b9                lfsopen
 .text          0x0000000000109564      0x117 binaries/lftruncate.o
                0x0000000000109564                lftruncate
 .text          0x000000000010967b       0x5a binaries/rflclose.o
                0x000000000010967b                rflclose
 .text          0x00000000001096d5       0x32 binaries/rflgetc.o
                0x00000000001096d5                rflgetc
 .text          0x0000000000109707       0x4e binaries/rflinit.o
                0x0000000000109707                rflinit
 .text          0x0000000000109755       0x37 binaries/rflputc.o
                0x0000000000109755                rflputc
 .text          0x000000000010978c      0x285 binaries/rflread.o
                0x000000000010978c                rflread
 .text          0x0000000000109a11       0x5f binaries/rflseek.o
                0x0000000000109a11                rflseek
 .text          0x0000000000109a70      0x2c5 binaries/rflwrite.o
                0x0000000000109a70                rflwrite
 .text          0x0000000000109d35      0x183 binaries/rfscomm.o
                0x0000000000109d35                rfscomm
 .text          0x0000000000109eb8      0x232 binaries/rfscontrol.o
                0x0000000000109eb8                rfscontrol
 .text          0x000000000010a0ea       0x82 binaries/rfsgetmode.o
                0x000000000010a0ea                rfsgetmode
 .text          0x000000000010a16c       0x77 binaries/rfsinit.o
                0x000000000010a16c                rfsinit
 .text          0x000000000010a1e3       0xb1 binaries/rfsndmsg.o
                0x000000000010a1e3                rfsndmsg
 .text          0x000000000010a294      0x220 binaries/rfsopen.o
                0x000000000010a294                rfsopen
 .text          0x000000000010a4b4      0x645 binaries/arp.o
                0x000000000010a4b4                arp_init
                0x000000000010a4d0                arp_alloc
                0x000000000010a584                arp_ntoh
                0x000000000010a5f1                arp_hton
                0x000000000010a65e                arp_resolve
                0x000000000010a8cc                arp_in
 .text          0x000000000010aaf9      0x667 binaries/dhcp.o
                0x000000000010aaf9                dhcp_get_opt_val
                0x000000000010ab4d                dhcp_bld_bootp_msg
                0x000000000010ac4e                dhcp_bld_disc
                0x000000000010aca3                dhcp_bld_req
                0x000000000010ad42                getlocalip
 .text          0x000000000010b160       0xe0 binaries/dot2ip.o
                0x000000000010b160                dot2ip
 .text          0x000000000010b240      0x373 binaries/hexdump.o
                0x000000000010b240                hexdump
                0x000000000010b379                hexadump
 .text          0x000000000010b5b3      0x5fb binaries/icmp.o
                0x000000000010b5b3                icmp_init
                0x000000000010b5cf                icmp_register
                0x000000000010b684                icmp_recv
                0x000000000010b7d5                icmp_mkpkt
                0x000000000010b8ac                icmp_in
                0x000000000010b9e8                icmp_send
                0x000000000010ba64                icmp_release
                0x000000000010bb21                icmp_cksum
                0x000000000010bb80                icmp_hton
                0x000000000010bb97                icmp_ntoh
 .text          0x000000000010bbae      0x57c binaries/ip.o
                0x000000000010bbae                ip_local
                0x000000000010bbe2                ipcksum
                0x000000000010bc36                ip_ntoh
                0x000000000010bca3                ip_in
                0x000000000010bd9b                ip_hton
                0x000000000010be08                ip_out
                0x000000000010bebf                ip_send
                0x000000000010bfbd                ipout
                0x000000000010c09c                ip_enqueue
 .text          0x000000000010c12a      0x1dd binaries/net.o
                0x000000000010c12a                net_init
                0x000000000010c266                eth_hton
                0x000000000010c273                eth_ntoh
                0x000000000010c280                netin
 .text          0x000000000010c307       0xd7 binaries/netstart.o
                0x000000000010c307                netstart
 .text          0x000000000010c3de      0xb45 binaries/pdump.o
                0x000000000010c3de                pdump
                0x000000000010ca4e                pdumph
 .text          0x000000000010cf23      0x5ce binaries/tftp.o
                0x000000000010cf23                tftp_send1
                0x000000000010d04f                tftpget_mb
                0x000000000010d4b8                tftpget
 .text          0x000000000010d4f1      0x7f1 binaries/udp.o
                0x000000000010d4f1                udp_init
                0x000000000010d532                udp_in
                0x000000000010d5f3                udp_register
                0x000000000010d6df                udp_recv
                0x000000000010d7ff                udp_recvaddr
                0x000000000010d934                udp_send
                0x000000000010daaa                udp_sendto
                0x000000000010dbf7                udp_release
                0x000000000010dcb4                udp_ntoh
                0x000000000010dccb                udp_hton
 .text          0x000000000010dce2       0xff binaries/addargs.o
                0x000000000010dce2                addargs
 .text          0x000000000010dde1      0x1f1 binaries/lexan.o
                0x000000000010dde1                lexan
 .text          0x000000000010dfd2      0x6ad binaries/shell.o
                0x000000000010dfd2                shell
 .text          0x000000000010e67f       0x41 binaries/xsh_addtwonums.o
                0x000000000010e67f                xsh_addtwonums
 .text          0x000000000010e6c0       0x5d binaries/xsh_argecho.o
                0x000000000010e6c0                xsh_argecho
 .text          0x000000000010e71d      0x1d4 binaries/xsh_arp.o
                0x000000000010e71d                xsh_arp
 .text          0x000000000010e8f1      0x220 binaries/xsh_cat.o
                0x000000000010e8f1                xsh_cat
 .text          0x000000000010eb11       0x57 binaries/xsh_clear.o
                0x000000000010eb11                xsh_clear
 .text          0x000000000010eb68      0x2bd binaries/xsh_date.o
                0x000000000010eb68                xsh_date
 .text          0x000000000010ee25       0x92 binaries/xsh_devdump.o
                0x000000000010ee25                xsh_devdump
 .text          0x000000000010eeb7       0x62 binaries/xsh_echo.o
                0x000000000010eeb7                xsh_echo
 .text          0x000000000010ef19        0xa binaries/xsh_exit.o
                0x000000000010ef19                xsh_exit
 .text          0x000000000010ef23      0x332 binaries/xsh_help.o
                0x000000000010ef23                xsh_help
 .text          0x000000000010f255      0x42d binaries/xsh_ipaddr.o
                0x000000000010f255                xsh_ipaddr
 .text          0x000000000010f682      0x1fb binaries/xsh_kill.o
                0x000000000010f682                xsh_kill
 .text          0x000000000010f87d      0x402 binaries/xsh_memdump.o
                0x000000000010f937                xsh_memdump
 .text          0x000000000010fc7f      0x1fd binaries/xsh_memstat.o
                0x000000000010fc7f                xsh_memstat
 .text          0x000000000010fe7c      0x31c binaries/xsh_ping.o
                0x000000000010fe7c                xsh_ping
 .text          0x0000000000110198      0x1fe binaries/xsh_ps.o
                0x0000000000110198                xsh_ps
 .text          0x0000000000110396      0x1e9 binaries/xsh_sleep.o
                0x0000000000110396                xsh_sleep
 .text          0x000000000011057f      0x22a binaries/xsh_udpdump.o
                0x000000000011057f                xsh_udpdump
 .text          0x00000000001107a9      0x454 binaries/xsh_udpecho.o
                0x00000000001107a9                xsh_udpecho
 .text          0x0000000000110bfd      0x27d binaries/xsh_udpeserver.o
                0x0000000000110bfd                xsh_udpeserver
 .text          0x0000000000110e7a      0x1cd binaries/xsh_uptime.o
                0x0000000000110e7a                xsh_uptime
 .text          0x0000000000111047        0xe binaries/clkdisp.o
                0x0000000000111047                clkdisp
 .text          0x0000000000111055       0x19 binaries/ctxsw.o
                0x0000000000111055                ctxsw
 .text          0x000000000011106e        0xb binaries/host2netl.o
                0x000000000011106e                host2netl
 .text          0x0000000000111079      0x36b binaries/intr.o
                0x0000000000111079                disable
                0x0000000000111082                restore
                0x0000000000111090                enable
                0x0000000000111092                pause
                0x0000000000111099                halt
                0x000000000011109f                spurious_irq7
                0x00000000001110a4                spurious_irq15
                0x00000000001110b3                _Xint0
                0x00000000001110be                _Xint1
                0x00000000001110c9                _Xint2
                0x00000000001110d4                _Xint3
                0x00000000001110df                _Xint4
                0x00000000001110ea                _Xint5
                0x00000000001110f5                _Xint6
                0x0000000000111100                _Xint7
                0x000000000011110b                _Xint8
                0x0000000000111116                _Xint9
                0x0000000000111121                _Xint10
                0x000000000011112c                _Xint11
                0x000000000011113a                _Xint12
                0x0000000000111148                _Xint13
                0x0000000000111156                _Xint14
                0x0000000000111164                _Xint15
                0x0000000000111172                _Xint16
                0x0000000000111180                _Xint17
                0x000000000011118e                _Xint18
                0x000000000011119c                _Xint19
                0x00000000001111aa                _Xint20
                0x00000000001111b8                _Xint21
                0x00000000001111c6                _Xint22
                0x00000000001111d4                _Xint23
                0x00000000001111e2                _Xint24
                0x00000000001111f0                _Xint25
                0x00000000001111fe                _Xint26
                0x000000000011120c                _Xint27
                0x000000000011121a                _Xint28
                0x0000000000111228                _Xint29
                0x0000000000111236                _Xint30
                0x0000000000111244                _Xint31
                0x0000000000111252                _Xint32
                0x0000000000111260                _Xint33
                0x000000000011126e                _Xint34
                0x000000000011127c                _Xint35
                0x000000000011128a                _Xint36
                0x0000000000111298                _Xint37
                0x00000000001112a6                _Xint38
                0x00000000001112b4                _Xint39
                0x00000000001112c2                _Xint40
                0x00000000001112d0                _Xint41
                0x00000000001112de                _Xint42
                0x00000000001112ec                _Xint43
                0x00000000001112fa                _Xint44
                0x0000000000111308                _Xint45
                0x0000000000111316                _Xint46
                0x0000000000111324                defevec
 .text          0x00000000001113e4        0xf binaries/ttydispatch.o
                0x00000000001113e4                ttydispatch
 .text          0x00000000001113f3       0x13 binaries/ethdispatch.o
                0x00000000001113f3                ethdispatch
 *(.rodata .rodata.*)
 .rodata.str1.1
                0x0000000000111406       0x54 binaries/ascdate.o
 *fill*         0x000000000011145a        0x2 
 .rodata.str1.4
                0x000000000011145c       0x22 binaries/ascdate.o
 .rodata.str1.1
                0x000000000011147e       0x5f binaries/conf.o
 .rodata.str1.1
                0x00000000001114dd       0x17 binaries/cpuintensive.o
                                         0x1a (size before relaxing)
 .rodata.str1.4
                0x00000000001114f4       0x3e binaries/cpuintensive.o
 *fill*         0x0000000000111532        0x2 
 .rodata        0x0000000000111534       0x35 binaries/cpuintensive.o
 *fill*         0x0000000000111569        0x3 
 .rodata.str1.4
                0x000000000011156c       0x4f binaries/early_imr.o
 .rodata        0x00000000001115bb       0x30 binaries/early_imr.o
 .rodata.str1.1
                0x00000000001115eb      0x20c binaries/evec.o
 *fill*         0x00000000001117f7        0x1 
 .rodata.str1.4
                0x00000000001117f8       0x23 binaries/evec.o
 .rodata.str1.1
                0x000000000011181b        0xb binaries/getutime.o
 *fill*         0x0000000000111826        0x2 
 .rodata.str1.4
                0x0000000000111828       0x54 binaries/getutime.o
 .rodata.str1.1
                0x000000000011187c       0xc3 binaries/initialize.o
                                         0xc7 (size before relaxing)
 *fill*         0x000000000011193f        0x1 
 .rodata.str1.4
                0x0000000000111940       0xfc binaries/initialize.o
 .rodata.str1.1
                0x0000000000111a3c       0x16 binaries/iointensive.o
                                         0x19 (size before relaxing)
 .rodata.str1.4
                0x0000000000000000       0x3e binaries/iointensive.o
 *fill*         0x0000000000111a52        0x2 
 .rodata        0x0000000000111a54       0x20 binaries/kill.o
 .rodata.str1.1
                0x0000000000111a74       0x2d binaries/lab0app1.o
 .rodata.str1.1
                0x0000000000111aa1       0x31 binaries/lab0app2.o
 *fill*         0x0000000000111ad2        0x2 
 .rodata.str1.4
                0x0000000000111ad4       0xaa binaries/main.o
 .rodata.str1.1
                0x0000000000111b7e       0x5a binaries/main.o
 .rodata.str1.4
                0x0000000000111bd8       0x23 binaries/meminit.o
 .rodata.str1.1
                0x0000000000111bfb       0x1b binaries/meminit.o
 *fill*         0x0000000000111c16        0x2 
 .rodata.str1.4
                0x0000000000111c18       0x3a binaries/myattackermalware.o
 *fill*         0x0000000000111c52        0x2 
 .rodata.str1.4
                0x0000000000111c54       0x31 binaries/myvictim.o
 .rodata.str1.1
                0x0000000000111c85        0xf binaries/panic.o
 .rodata.str1.1
                0x0000000000111c94        0x3 binaries/printloop.o
 .rodata.str1.1
                0x0000000000000000        0x3 binaries/printnoloop.o
 *fill*         0x0000000000111c97        0x1 
 .rodata.str1.4
                0x0000000000111c98       0x21 binaries/printnoloop.o
 .rodata.str1.1
                0x0000000000111cb9       0xbd binaries/printsegaddress.o
 .rodata.str1.1
                0x0000000000111d76       0x1c binaries/ptinit.o
 *fill*         0x0000000000111d92        0x2 
 .rodata.str1.4
                0x0000000000111d94       0x25 binaries/ptsend.o
 .rodata.str1.1
                0x0000000000111db9       0x22 binaries/quark_pdat.o
 .rodata.str1.1
                0x0000000000111ddb        0xb binaries/queue.o
 *fill*         0x0000000000111de6        0x2 
 .rodata.str1.4
                0x0000000000111de8       0x1f binaries/stackdepth.o
 .rodata.str1.1
                0x0000000000111e07       0x30 binaries/stackdepth.o
 .rodata.str1.4
                0x0000000000000000       0x1f binaries/stackdepth_linux.o
 .rodata.str1.1
                0x0000000000111e37       0x47 binaries/stackdepth_linux.o
                                         0x5d (size before relaxing)
 *fill*         0x0000000000111e7e        0x2 
 .rodata.str1.4
                0x0000000000111e80       0x63 binaries/stacktrace.o
 .rodata.str1.1
                0x0000000000111ee3       0x52 binaries/stacktrace.o
 *fill*         0x0000000000111f35        0x3 
 .rodata.str1.4
                0x0000000000111f38       0x27 binaries/xdone.o
 *fill*         0x0000000000111f5f        0x1 
 .rodata        0x0000000000111f60       0x81 binaries/ctype_.o
                0x0000000000111f60                _ctype_
 .rodata.str1.1
                0x0000000000111fe1       0x29 binaries/doprnt.o
 *fill*         0x000000000011200a        0x2 
 .rodata        0x000000000011200c       0xc4 binaries/doprnt.o
 .rodata        0x00000000001120d0       0x98 binaries/doscan.o
 .rodata.str1.1
                0x0000000000000000       0x29 binaries/fdoprnt.o
 .rodata        0x0000000000112168       0x84 binaries/fdoprnt.o
 .rodata        0x00000000001121ec       0x20 binaries/ttycontrol.o
 .rodata.str1.4
                0x000000000011220c       0x4c binaries/naminit.o
 .rodata.str1.1
                0x0000000000112258       0x32 binaries/naminit.o
                                         0x35 (size before relaxing)
 .rodata.str1.1
                0x000000000011228a       0x15 binaries/ethinit.o
 *fill*         0x000000000011229f        0x1 
 .rodata.str1.4
                0x00000000001122a0       0x2e binaries/ethinit.o
 *fill*         0x00000000001122ce        0x2 
 .rodata.str1.4
                0x00000000001122d0       0x2c binaries/rdsbufalloc.o
 .rodata.str1.4
                0x00000000001122fc       0x76 binaries/rdscomm.o
 *fill*         0x0000000000112372        0x2 
 .rodata.str1.4
                0x0000000000112374       0x48 binaries/rdscontrol.o
 .rodata.str1.4
                0x00000000001123bc       0x7e binaries/rdsinit.o
 .rodata.str1.1
                0x000000000011243a       0x18 binaries/rdsinit.o
 *fill*         0x0000000000112452        0x2 
 .rodata.str1.4
                0x0000000000112454       0x22 binaries/rdsopen.o
 *fill*         0x0000000000112476        0x2 
 .rodata.str1.4
                0x0000000000112478       0x4d binaries/rdsprocess.o
 .rodata.str1.1
                0x00000000001124c5        0x9 binaries/raminit.o
 .rodata.str1.1
                0x00000000001124ce       0x13 binaries/lfdballoc.o
 *fill*         0x00000000001124e1        0x3 
 .rodata.str1.4
                0x00000000001124e4       0x23 binaries/lfdballoc.o
 .rodata.str1.1
                0x0000000000112507       0x14 binaries/lfiballoc.o
 *fill*         0x000000000011251b        0x1 
 .rodata.str1.4
                0x000000000011251c       0x23 binaries/lflcontrol.o
 .rodata.str1.1
                0x000000000011253f       0x64 binaries/lfsckfmt.o
 *fill*         0x00000000001125a3        0x1 
 .rodata.str1.4
                0x00000000001125a4       0x51 binaries/lfsckfmt.o
 *fill*         0x00000000001125f5        0x3 
 .rodata.str1.4
                0x00000000001125f8       0x21 binaries/rflread.o
 .rodata.str1.4
                0x0000000000000000       0x21 binaries/rflwrite.o
 *fill*         0x0000000000112619        0x3 
 .rodata.str1.4
                0x000000000011261c       0x75 binaries/rfscomm.o
 *fill*         0x0000000000112691        0x3 
 .rodata.str1.4
                0x0000000000112694       0x23 binaries/rfscontrol.o
 *fill*         0x00000000001126b7        0x1 
 .rodata        0x00000000001126b8       0x18 binaries/rfscontrol.o
 .rodata.str1.1
                0x0000000000000000       0x10 binaries/rfsinit.o
 .rodata.str1.4
                0x00000000001126d0       0x57 binaries/rfsinit.o
 *fill*         0x0000000000112727        0x1 
 .rodata.str1.4
                0x0000000000112728       0x2a binaries/rfsndmsg.o
 .rodata.str1.4
                0x0000000000000000       0x22 binaries/rfsopen.o
 .rodata.str1.1
                0x0000000000112752       0x19 binaries/arp.o
 *fill*         0x000000000011276b        0x1 
 .rodata.str1.4
                0x000000000011276c       0x21 binaries/arp.o
 *fill*         0x000000000011278d        0x3 
 .rodata.str1.4
                0x0000000000112790       0xa6 binaries/dhcp.o
 .rodata.str1.1
                0x0000000000112836       0x4a binaries/dhcp.o
 .rodata.str1.1
                0x0000000000112880       0x5a binaries/hexdump.o
                                         0x61 (size before relaxing)
 *fill*         0x00000000001128da        0x2 
 .rodata.str1.4
                0x00000000001128dc       0x67 binaries/hexdump.o
 *fill*         0x0000000000112943        0x1 
 .rodata.str1.4
                0x0000000000112944       0x29 binaries/icmp.o
 .rodata.str1.1
                0x000000000011296d       0x4e binaries/ip.o
 *fill*         0x00000000001129bb        0x1 
 .rodata.str1.4
                0x00000000001129bc       0x20 binaries/ip.o
 .rodata.str1.4
                0x00000000001129dc       0x28 binaries/net.o
 .rodata.str1.1
                0x0000000000112a04       0x27 binaries/net.o
 *fill*         0x0000000000112a2b        0x1 
 .rodata.str1.4
                0x0000000000112a2c       0xcf binaries/netstart.o
 .rodata.str1.1
                0x0000000000112afb      0x141 binaries/pdump.o
                                        0x14b (size before relaxing)
 .rodata.str1.4
                0x0000000000112c3c      0x126 binaries/pdump.o
 *fill*         0x0000000000112d62        0x2 
 .rodata.str1.4
                0x0000000000112d64      0x148 binaries/tftp.o
 .rodata.str1.1
                0x0000000000112eac        0x6 binaries/tftp.o
                                          0xa (size before relaxing)
 .rodata.str1.1
                0x0000000000112eb2       0xee binaries/shell.o
                                        0x10a (size before relaxing)
 .rodata.str1.4
                0x0000000000112fa0      0x1c4 binaries/shell.o
 *fill*         0x0000000000113164       0x1c 
 .rodata        0x0000000000113180      0x108 binaries/shell.o
                0x0000000000113180                cmdtab
 .rodata.str1.4
                0x0000000000113288       0x23 binaries/xsh_addtwonums.o
 .rodata.str1.1
                0x00000000001132ab       0x26 binaries/xsh_argecho.o
                                         0x28 (size before relaxing)
 .rodata.str1.1
                0x00000000001132d1       0x70 binaries/xsh_arp.o
                                         0x72 (size before relaxing)
 *fill*         0x0000000000113341        0x3 
 .rodata.str1.4
                0x0000000000113344       0xb4 binaries/xsh_arp.o
 .rodata.str1.1
                0x00000000001133f8       0x2d binaries/xsh_cat.o
                                         0x4f (size before relaxing)
 *fill*         0x0000000000113425        0x3 
 .rodata.str1.4
                0x0000000000113428       0x52 binaries/xsh_cat.o
                                         0x79 (size before relaxing)
 .rodata.str1.1
                0x000000000011347a       0x15 binaries/xsh_clear.o
 .rodata.str1.1
                0x000000000011348f       0x46 binaries/xsh_date.o
                                         0x5f (size before relaxing)
 *fill*         0x00000000001134d5        0x3 
 .rodata.str1.4
                0x00000000001134d8      0x163 binaries/xsh_date.o
 .rodata.str1.1
                0x000000000011363b       0x5d binaries/xsh_devdump.o
 .rodata.str1.1
                0x0000000000113698        0x4 binaries/xsh_echo.o
                                          0x9 (size before relaxing)
 .rodata.str1.1
                0x000000000011369c       0x65 binaries/xsh_help.o
                                         0xa3 (size before relaxing)
 *fill*         0x0000000000113701        0x3 
 .rodata.str1.4
                0x0000000000113704       0x7c binaries/xsh_help.o
                                         0xc6 (size before relaxing)
 .rodata.str1.1
                0x0000000000113780       0x9c binaries/xsh_ipaddr.o
                                         0xf8 (size before relaxing)
 .rodata.str1.4
                0x000000000011381c       0x4d binaries/xsh_ipaddr.o
                                         0x99 (size before relaxing)
 .rodata.str1.1
                0x0000000000113869       0x78 binaries/xsh_kill.o
                                         0x97 (size before relaxing)
 *fill*         0x00000000001138e1        0x3 
 .rodata.str1.4
                0x00000000001138e4       0x4a binaries/xsh_kill.o
                                         0x96 (size before relaxing)
 .rodata.str1.1
                0x000000000011392e       0x81 binaries/xsh_memdump.o
                                         0xa8 (size before relaxing)
 *fill*         0x00000000001139af        0x1 
 .rodata.str1.4
                0x00000000001139b0      0x15a binaries/xsh_memdump.o
                                        0x1aa (size before relaxing)
 .rodata.str1.1
                0x0000000000113b0a       0x40 binaries/xsh_memstat.o
                                         0x79 (size before relaxing)
 *fill*         0x0000000000113b4a        0x2 
 .rodata.str1.4
                0x0000000000113b4c      0x187 binaries/xsh_memstat.o
                                        0x1af (size before relaxing)
 .rodata.str1.1
                0x0000000000113cd3       0x90 binaries/xsh_ping.o
                                         0xaf (size before relaxing)
 *fill*         0x0000000000113d63        0x1 
 .rodata.str1.4
                0x0000000000113d64       0x77 binaries/xsh_ping.o
                                         0xc6 (size before relaxing)
 .rodata.str1.1
                0x0000000000113ddb       0x74 binaries/xsh_ps.o
                                         0xd5 (size before relaxing)
 *fill*         0x0000000000113e4f        0x1 
 .rodata.str1.4
                0x0000000000113e50       0x80 binaries/xsh_ps.o
                                         0xd0 (size before relaxing)
 *fill*         0x0000000000113ed0       0x10 
 .rodata        0x0000000000113ee0       0x20 binaries/xsh_ps.o
 .rodata.str1.1
                0x0000000000113f00       0x31 binaries/xsh_sleep.o
                                         0x72 (size before relaxing)
 *fill*         0x0000000000113f31        0x3 
 .rodata.str1.4
                0x0000000000113f34       0x2a binaries/xsh_sleep.o
                                         0x7a (size before relaxing)
 .rodata.str1.1
                0x0000000000113f5e       0x6b binaries/xsh_udpdump.o
                                         0xd2 (size before relaxing)
 *fill*         0x0000000000113fc9        0x3 
 .rodata.str1.4
                0x0000000000113fcc       0x94 binaries/xsh_udpdump.o
                                         0xe4 (size before relaxing)
 .rodata.str1.1
                0x0000000000114060       0xdb binaries/xsh_udpecho.o
                                         0xfa (size before relaxing)
 *fill*         0x000000000011413b        0x1 
 .rodata.str1.4
                0x000000000011413c       0xc7 binaries/xsh_udpecho.o
                                        0x116 (size before relaxing)
 .rodata.str1.1
                0x0000000000114203       0x66 binaries/xsh_udpeserver.o
                                         0x8f (size before relaxing)
 *fill*         0x0000000000114269        0x3 
 .rodata.str1.4
                0x000000000011426c       0x29 binaries/xsh_udpeserver.o
                                         0x9f (size before relaxing)
 .rodata.str1.1
                0x0000000000114295       0x49 binaries/xsh_uptime.o
                                         0x8c (size before relaxing)
 *fill*         0x00000000001142de        0x2 
 .rodata.str1.4
                0x00000000001142e0       0x28 binaries/xsh_uptime.o
                                         0x76 (size before relaxing)
                0x0000000000114308                etext = ABSOLUTE (.)
                0x0000000000115000                . = ALIGN (0x1000)
 *fill*         0x0000000000114308      0xcf8 

.eh_frame       0x0000000000115000     0x31b4
 .eh_frame      0x0000000000115000       0x48 binaries/ascdate.o
 .eh_frame      0x0000000000115048       0x20 binaries/bufinit.o
                                         0x38 (size before relaxing)
 .eh_frame      0x0000000000115068       0x2c binaries/chprio.o
                                         0x44 (size before relaxing)
 .eh_frame      0x0000000000115094       0x20 binaries/clkhandler.o
                                         0x38 (size before relaxing)
 .eh_frame      0x00000000001150b4       0x20 binaries/clkinit.o
                                         0x38 (size before relaxing)
 .eh_frame      0x00000000001150d4       0x28 binaries/close.o
                                         0x40 (size before relaxing)
 .eh_frame      0x00000000001150fc       0x28 binaries/control.o
                                         0x40 (size before relaxing)
 .eh_frame      0x0000000000115124       0x2c binaries/cpuintensive.o
                                         0x44 (size before relaxing)
 .eh_frame      0x0000000000115150       0x30 binaries/create.o
                                         0x48 (size before relaxing)
 .eh_frame      0x0000000000115180       0x94 binaries/early_imr.o
                                         0xac (size before relaxing)
 .eh_frame      0x0000000000115214       0x9c binaries/evec.o
                                         0xb4 (size before relaxing)
 .eh_frame      0x00000000001152b0       0x28 binaries/freebuf.o
                                         0x40 (size before relaxing)
 .eh_frame      0x00000000001152d8       0x2c binaries/freemem.o
                                         0x44 (size before relaxing)
 .eh_frame      0x0000000000115304       0x2c binaries/getbuf.o
                                         0x44 (size before relaxing)
 .eh_frame      0x0000000000115330       0x28 binaries/getc.o
                                         0x40 (size before relaxing)
 .eh_frame      0x0000000000115358       0x2c binaries/getdev.o
                                         0x44 (size before relaxing)
 .eh_frame      0x0000000000115384       0x64 binaries/getitem.o
                                         0x7c (size before relaxing)
 .eh_frame      0x00000000001153e8       0x28 binaries/getmem.o
                                         0x40 (size before relaxing)
 .eh_frame      0x0000000000115410       0x20 binaries/getpid.o
                                         0x38 (size before relaxing)
 .eh_frame      0x0000000000115430       0x24 binaries/getprio.o
                                         0x3c (size before relaxing)
 .eh_frame      0x0000000000115454       0x2c binaries/getstk.o
                                         0x44 (size before relaxing)
 .eh_frame      0x0000000000115480       0x20 binaries/gettime.o
                                         0x38 (size before relaxing)
 .eh_frame      0x00000000001154a0       0x28 binaries/getutime.o
                                         0x40 (size before relaxing)
 .eh_frame      0x00000000001154c8       0x28 binaries/init.o
                                         0x40 (size before relaxing)
 .eh_frame      0x00000000001154f0       0x5c binaries/initialize.o
                                         0x74 (size before relaxing)
 .eh_frame      0x000000000011554c       0x50 binaries/insert.o
                                         0x68 (size before relaxing)
 .eh_frame      0x000000000011559c       0x2c binaries/insertd.o
                                         0x44 (size before relaxing)
 .eh_frame      0x00000000001155c8       0x20 binaries/ioerr.o
                                         0x38 (size before relaxing)
 .eh_frame      0x00000000001155e8       0x2c binaries/iointensive.o
                                         0x44 (size before relaxing)
 .eh_frame      0x0000000000115614       0x20 binaries/ionull.o
                                         0x38 (size before relaxing)
 .eh_frame      0x0000000000115634       0x30 binaries/kill.o
                                         0x48 (size before relaxing)
 .eh_frame      0x0000000000115664       0x80 binaries/kprintf.o
                                         0x98 (size before relaxing)
 .eh_frame      0x00000000001156e4       0x20 binaries/lab0app1.o
                                         0x38 (size before relaxing)
 .eh_frame      0x0000000000115704       0x20 binaries/lab0app2.o
                                         0x38 (size before relaxing)
 .eh_frame      0x0000000000115724       0x20 binaries/main.o
                                         0x38 (size before relaxing)
 .eh_frame      0x0000000000115744       0x44 binaries/mark.o
                                         0x5c (size before relaxing)
 .eh_frame      0x0000000000115788       0x50 binaries/meminit.o
                                         0x68 (size before relaxing)
 .eh_frame      0x00000000001157d8       0x30 binaries/mkbufpool.o
                                         0x48 (size before relaxing)
 .eh_frame      0x0000000000115808       0x20 binaries/myattacker.o
                                         0x38 (size before relaxing)
 .eh_frame      0x0000000000115828       0x20 binaries/myattackermalware.o
                                         0x38 (size before relaxing)
 .eh_frame      0x0000000000115848       0x40 binaries/myvictim.o
                                         0x58 (size before relaxing)
 .eh_frame      0x0000000000115888       0x20 binaries/newqueue.o
                                         0x38 (size before relaxing)
 .eh_frame      0x00000000001158a8       0x28 binaries/open.o
                                         0x40 (size before relaxing)
 .eh_frame      0x00000000001158d0       0x1c binaries/panic.o
                                         0x34 (size before relaxing)
 .eh_frame      0x00000000001158ec      0x12c binaries/pci.o
                                        0x144 (size before relaxing)
 .eh_frame      0x0000000000115a18       0x20 binaries/platinit.o
                                         0x38 (size before relaxing)
 .eh_frame      0x0000000000115a38       0x28 binaries/printloop.o
                                         0x40 (size before relaxing)
 .eh_frame      0x0000000000115a60       0x20 binaries/printnoloop.o
                                         0x38 (size before relaxing)
 .eh_frame      0x0000000000115a80       0x20 binaries/printsegaddress.o
                                         0x38 (size before relaxing)
 .eh_frame      0x0000000000115aa0       0x2c binaries/ptclear.o
                                         0x44 (size before relaxing)
 .eh_frame      0x0000000000115acc       0x2c binaries/ptcount.o
                                         0x44 (size before relaxing)
 .eh_frame      0x0000000000115af8       0x2c binaries/ptcreate.o
                                         0x44 (size before relaxing)
 .eh_frame      0x0000000000115b24       0x28 binaries/ptdelete.o
                                         0x40 (size before relaxing)
 .eh_frame      0x0000000000115b4c       0x28 binaries/ptinit.o
                                         0x40 (size before relaxing)
 .eh_frame      0x0000000000115b74       0x2c binaries/ptrecv.o
                                         0x44 (size before relaxing)
 .eh_frame      0x0000000000115ba0       0x28 binaries/ptreset.o
                                         0x40 (size before relaxing)
 .eh_frame      0x0000000000115bc8       0x2c binaries/ptsend.o
                                         0x44 (size before relaxing)
 .eh_frame      0x0000000000115bf4       0x2c binaries/putc.o
                                         0x44 (size before relaxing)
 .eh_frame      0x0000000000115c20       0x24 binaries/quark_irq.o
                                         0x3c (size before relaxing)
 .eh_frame      0x0000000000115c44       0x54 binaries/quark_pdat.o
                                         0x6c (size before relaxing)
 .eh_frame      0x0000000000115c98       0x48 binaries/queue.o
                                         0x60 (size before relaxing)
 .eh_frame      0x0000000000115ce0       0x28 binaries/read.o
                                         0x40 (size before relaxing)
 .eh_frame      0x0000000000115d08       0x20 binaries/ready.o
                                         0x38 (size before relaxing)
 .eh_frame      0x0000000000115d28       0x2c binaries/receive.o
                                         0x44 (size before relaxing)
 .eh_frame      0x0000000000115d54       0x24 binaries/recvclr.o
                                         0x3c (size before relaxing)
 .eh_frame      0x0000000000115d78       0x2c binaries/recvtime.o
                                         0x44 (size before relaxing)
 .eh_frame      0x0000000000115da4       0x4c binaries/resched.o
                                         0x64 (size before relaxing)
 .eh_frame      0x0000000000115df0       0x2c binaries/resume.o
                                         0x44 (size before relaxing)
 .eh_frame      0x0000000000115e1c       0x28 binaries/seek.o
                                         0x40 (size before relaxing)
 .eh_frame      0x0000000000115e44       0x24 binaries/semcount.o
                                         0x3c (size before relaxing)
 .eh_frame      0x0000000000115e68       0x2c binaries/semcreate.o
                                         0x44 (size before relaxing)
 .eh_frame      0x0000000000115e94       0x28 binaries/semdelete.o
                                         0x40 (size before relaxing)
 .eh_frame      0x0000000000115ebc       0x2c binaries/semreset.o
                                         0x44 (size before relaxing)
 .eh_frame      0x0000000000115ee8       0x28 binaries/send.o
                                         0x40 (size before relaxing)
 .eh_frame      0x0000000000115f10       0x28 binaries/signal.o
                                         0x40 (size before relaxing)
 .eh_frame      0x0000000000115f38       0x2c binaries/signaln.o
                                         0x44 (size before relaxing)
 .eh_frame      0x0000000000115f64       0x48 binaries/sleep.o
                                         0x60 (size before relaxing)
 .eh_frame      0x0000000000115fac       0x2c binaries/stackdepth.o
                                         0x44 (size before relaxing)
 .eh_frame      0x0000000000115fd8       0x8c binaries/stackdepth_linux.o
                                         0xa4 (size before relaxing)
 .eh_frame      0x0000000000116064       0x30 binaries/stacktrace.o
                                         0x48 (size before relaxing)
 .eh_frame      0x0000000000116094       0x2c binaries/suspend.o
                                         0x44 (size before relaxing)
 .eh_frame      0x00000000001160c0       0x28 binaries/unsleep.o
                                         0x40 (size before relaxing)
 .eh_frame      0x00000000001160e8       0x20 binaries/userret.o
                                         0x38 (size before relaxing)
 .eh_frame      0x0000000000116108       0x2c binaries/wait.o
                                         0x44 (size before relaxing)
 .eh_frame      0x0000000000116134       0x20 binaries/wakeup.o
                                         0x38 (size before relaxing)
 .eh_frame      0x0000000000116154       0x28 binaries/write.o
                                         0x40 (size before relaxing)
 .eh_frame      0x000000000011617c       0x20 binaries/xdone.o
                                         0x38 (size before relaxing)
 .eh_frame      0x000000000011619c       0x24 binaries/yield.o
                                         0x3c (size before relaxing)
 .eh_frame      0x00000000001161c0       0x20 binaries/abs.o
                                         0x38 (size before relaxing)
 .eh_frame      0x00000000001161e0       0x28 binaries/atoi.o
                                         0x40 (size before relaxing)
 .eh_frame      0x0000000000116208       0x28 binaries/atol.o
                                         0x40 (size before relaxing)
 .eh_frame      0x0000000000116230       0x20 binaries/bzero.o
                                         0x38 (size before relaxing)
 .eh_frame      0x0000000000116250       0xac binaries/doprnt.o
                                         0xc4 (size before relaxing)
 .eh_frame      0x00000000001162fc       0x30 binaries/doscan.o
                                         0x48 (size before relaxing)
 .eh_frame      0x000000000011632c       0x5c binaries/fdoprnt.o
                                         0x74 (size before relaxing)
 .eh_frame      0x0000000000116388       0x20 binaries/fgetc.o
                                         0x38 (size before relaxing)
 .eh_frame      0x00000000001163a8       0x2c binaries/fgets.o
                                         0x44 (size before relaxing)
 .eh_frame      0x00000000001163d4       0x20 binaries/fprintf.o
                                         0x38 (size before relaxing)
 .eh_frame      0x00000000001163f4       0x20 binaries/fputc.o
                                         0x38 (size before relaxing)
 .eh_frame      0x0000000000116414       0x28 binaries/fputs.o
                                         0x40 (size before relaxing)
 .eh_frame      0x000000000011643c       0x64 binaries/fscanf.o
                                         0x7c (size before relaxing)
 .eh_frame      0x00000000001164a0       0x20 binaries/getchar.o
                                         0x38 (size before relaxing)
 .eh_frame      0x00000000001164c0       0x20 binaries/labs.o
                                         0x38 (size before relaxing)
 .eh_frame      0x00000000001164e0       0x20 binaries/memchr.o
                                         0x38 (size before relaxing)
 .eh_frame      0x0000000000116500       0x28 binaries/memcmp.o
                                         0x40 (size before relaxing)
 .eh_frame      0x0000000000116528       0x28 binaries/memcpy.o
                                         0x40 (size before relaxing)
 .eh_frame      0x0000000000116550       0x24 binaries/memset.o
                                         0x3c (size before relaxing)
 .eh_frame      0x0000000000116574       0x20 binaries/printf.o
                                         0x38 (size before relaxing)
 .eh_frame      0x0000000000116594       0x20 binaries/putchar.o
                                         0x38 (size before relaxing)
 .eh_frame      0x00000000001165b4       0xa4 binaries/qsort.o
                                         0xbc (size before relaxing)
 .eh_frame      0x0000000000116658       0x40 binaries/rand.o
                                         0x58 (size before relaxing)
 .eh_frame      0x0000000000116698       0x48 binaries/sprintf.o
                                         0x60 (size before relaxing)
 .eh_frame      0x00000000001166e0       0x60 binaries/sscanf.o
                                         0x78 (size before relaxing)
 .eh_frame      0x0000000000116740       0x24 binaries/strchr.o
                                         0x3c (size before relaxing)
 .eh_frame      0x0000000000116764       0x24 binaries/strcmp.o
                                         0x3c (size before relaxing)
 .eh_frame      0x0000000000116788       0x20 binaries/strcpy.o
                                         0x38 (size before relaxing)
 .eh_frame      0x00000000001167a8       0x20 binaries/strlen.o
                                         0x38 (size before relaxing)
 .eh_frame      0x00000000001167c8       0x2c binaries/strncat.o
                                         0x44 (size before relaxing)
 .eh_frame      0x00000000001167f4       0x24 binaries/strncmp.o
                                         0x3c (size before relaxing)
 .eh_frame      0x0000000000116818       0x2c binaries/strncpy.o
                                         0x44 (size before relaxing)
 .eh_frame      0x0000000000116844       0x20 binaries/strnlen.o
                                         0x38 (size before relaxing)
 .eh_frame      0x0000000000116864       0x24 binaries/strrchr.o
                                         0x3c (size before relaxing)
 .eh_frame      0x0000000000116888       0x2c binaries/strstr.o
                                         0x44 (size before relaxing)
 .eh_frame      0x00000000001168b4       0x28 binaries/ttycontrol.o
                                         0x40 (size before relaxing)
 .eh_frame      0x00000000001168dc       0x28 binaries/ttygetc.o
                                         0x40 (size before relaxing)
 .eh_frame      0x0000000000116904       0x84 binaries/ttyhandle_in.o
                                         0x9c (size before relaxing)
 .eh_frame      0x0000000000116988       0x30 binaries/ttyhandle_out.o
                                         0x48 (size before relaxing)
 .eh_frame      0x00000000001169b8       0x28 binaries/ttyhandler.o
                                         0x40 (size before relaxing)
 .eh_frame      0x00000000001169e0       0x2c binaries/ttyinit.o
                                         0x44 (size before relaxing)
 .eh_frame      0x0000000000116a0c       0x20 binaries/ttykickout.o
                                         0x38 (size before relaxing)
 .eh_frame      0x0000000000116a2c       0x2c binaries/ttyputc.o
                                         0x44 (size before relaxing)
 .eh_frame      0x0000000000116a58       0x2c binaries/ttyread.o
                                         0x44 (size before relaxing)
 .eh_frame      0x0000000000116a84       0x2c binaries/ttywrite.o
                                         0x44 (size before relaxing)
 .eh_frame      0x0000000000116ab0       0x4c binaries/mount.o
                                         0x64 (size before relaxing)
 .eh_frame      0x0000000000116afc       0x30 binaries/naminit.o
                                         0x48 (size before relaxing)
 .eh_frame      0x0000000000116b2c       0x84 binaries/nammap.o
                                         0x9c (size before relaxing)
 .eh_frame      0x0000000000116bb0       0x20 binaries/namopen.o
                                         0x38 (size before relaxing)
 .eh_frame      0x0000000000116bd0       0x2c binaries/colon2mac.o
                                         0x44 (size before relaxing)
 .eh_frame      0x0000000000116bfc       0x20 binaries/ethcontrol.o
                                         0x38 (size before relaxing)
 .eh_frame      0x0000000000116c1c       0x2c binaries/ethhandler.o
                                         0x44 (size before relaxing)
 .eh_frame      0x0000000000116c48       0x98 binaries/ethinit.o
                                         0xb0 (size before relaxing)
 .eh_frame      0x0000000000116ce0       0x54 binaries/ethmcast.o
                                         0x6c (size before relaxing)
 .eh_frame      0x0000000000116d34       0x30 binaries/ethread.o
                                         0x48 (size before relaxing)
 .eh_frame      0x0000000000116d64       0x2c binaries/ethwrite.o
                                         0x44 (size before relaxing)
 .eh_frame      0x0000000000116d90       0x24 binaries/rdsbufalloc.o
                                         0x3c (size before relaxing)
 .eh_frame      0x0000000000116db4       0x2c binaries/rdsclose.o
                                         0x44 (size before relaxing)
 .eh_frame      0x0000000000116de0       0x30 binaries/rdscomm.o
                                         0x48 (size before relaxing)
 .eh_frame      0x0000000000116e10       0x2c binaries/rdscontrol.o
                                         0x44 (size before relaxing)
 .eh_frame      0x0000000000116e3c       0x30 binaries/rdsinit.o
                                         0x48 (size before relaxing)
 .eh_frame      0x0000000000116e6c       0x30 binaries/rdsopen.o
                                         0x48 (size before relaxing)
 .eh_frame      0x0000000000116e9c       0x20 binaries/rdsprocess.o
                                         0x38 (size before relaxing)
 .eh_frame      0x0000000000116ebc       0x30 binaries/rdsread.o
                                         0x48 (size before relaxing)
 .eh_frame      0x0000000000116eec       0x30 binaries/rdswrite.o
                                         0x48 (size before relaxing)
 .eh_frame      0x0000000000116f1c       0x20 binaries/ramclose.o
                                         0x38 (size before relaxing)
 .eh_frame      0x0000000000116f3c       0x20 binaries/raminit.o
                                         0x38 (size before relaxing)
 .eh_frame      0x0000000000116f5c       0x20 binaries/ramopen.o
                                         0x38 (size before relaxing)
 .eh_frame      0x0000000000116f7c       0x20 binaries/ramread.o
                                         0x38 (size before relaxing)
 .eh_frame      0x0000000000116f9c       0x20 binaries/ramwrite.o
                                         0x38 (size before relaxing)
 .eh_frame      0x0000000000116fbc       0x28 binaries/lfdballoc.o
                                         0x40 (size before relaxing)
 .eh_frame      0x0000000000116fe4       0x24 binaries/lfdbfree.o
                                         0x3c (size before relaxing)
 .eh_frame      0x0000000000117008       0x24 binaries/lfflush.o
                                         0x3c (size before relaxing)
 .eh_frame      0x000000000011702c       0x20 binaries/lfgetmode.o
                                         0x38 (size before relaxing)
 .eh_frame      0x000000000011704c       0x24 binaries/lfiballoc.o
                                         0x3c (size before relaxing)
 .eh_frame      0x0000000000117070       0x20 binaries/lfibclear.o
                                         0x38 (size before relaxing)
 .eh_frame      0x0000000000117090       0x2c binaries/lfibget.o
                                         0x44 (size before relaxing)
 .eh_frame      0x00000000001170bc       0x2c binaries/lfibput.o
                                         0x44 (size before relaxing)
 .eh_frame      0x00000000001170e8       0x28 binaries/lflclose.o
                                         0x40 (size before relaxing)
 .eh_frame      0x0000000000117110       0x28 binaries/lflcontrol.o
                                         0x40 (size before relaxing)
 .eh_frame      0x0000000000117138       0x28 binaries/lflgetc.o
                                         0x40 (size before relaxing)
 .eh_frame      0x0000000000117160       0x24 binaries/lflinit.o
                                         0x3c (size before relaxing)
 .eh_frame      0x0000000000117184       0x2c binaries/lflputc.o
                                         0x44 (size before relaxing)
 .eh_frame      0x00000000001171b0       0x2c binaries/lflread.o
[...]
 .comment       0x0000000000000000       0x2b binaries/xsh_devdump.o
 .comment       0x0000000000000000       0x2b binaries/xsh_echo.o
 .comment       0x0000000000000000       0x2b binaries/xsh_exit.o
 .comment       0x0000000000000000       0x2b binaries/xsh_help.o
 .comment       0x0000000000000000       0x2b binaries/xsh_ipaddr.o
 .comment       0x0000000000000000       0x2b binaries/xsh_kill.o
 .comment       0x0000000000000000       0x2b binaries/xsh_memdump.o
 .comment       0x0000000000000000       0x2b binaries/xsh_memstat.o
 .comment       0x0000000000000000       0x2b binaries/xsh_ping.o
 .comment       0x0000000000000000       0x2b binaries/xsh_ps.o
 .comment       0x0000000000000000       0x2b binaries/xsh_sleep.o
 .comment       0x0000000000000000       0x2b binaries/xsh_udpdump.o
 .comment       0x0000000000000000       0x2b binaries/xsh_udpecho.o
 .comment       0x0000000000000000       0x2b binaries/xsh_udpeserver.o
 .comment       0x0000000000000000       0x2b binaries/xsh_uptime.o

.note.GNU-stack
                0x0000000000000000        0x0
 .note.GNU-stack
                0x0000000000000000        0x0 binaries/ascdate.o
 .note.GNU-stack
                0x0000000000000000        0x0 binaries/bufinit.o
 .note.GNU-stack
                0x0000000000000000        0x0 binaries/chprio.o
 .note.GNU-stack
                0x0000000000000000        0x0 binaries/clkhandler.o
 .note.GNU-stack
                0x0000000000000000        0x0 binaries/clkinit.o
 .note.GNU-stack
                0x0000000000000000        0x0 binaries/close.o
 .note.GNU-stack
                0x0000000000000000        0x0 binaries/conf.o
 .note.GNU-stack
                0x0000000000000000        0x0 binaries/control.o
 .note.GNU-stack
                0x0000000000000000        0x0 binaries/cpuintensive.o
 .note.GNU-stack
                0x0000000000000000        0x0 binaries/create.o
 .note.GNU-stack
                0x0000000000000000        0x0 binaries/early_imr.o
 .note.GNU-stack
                0x0000000000000000        0x0 binaries/evec.o
 .note.GNU-stack
                0x0000000000000000        0x0 binaries/freebuf.o
 .note.GNU-stack
                0x0000000000000000        0x0 binaries/freemem.o
 .note.GNU-stack
                0x0000000000000000        0x0 binaries/getbuf.o
 .note.GNU-stack
                0x0000000000000000        0x0 binaries/getc.o
 .note.GNU-stack
                0x0000000000000000        0x0 binaries/getdev.o
 .note.GNU-stack
                0x0000000000000000        0x0 binaries/getitem.o
 .note.GNU-stack
                0x0000000000000000        0x0 binaries/getmem.o
 .note.GNU-stack
                0x0000000000000000        0x0 binaries/getpid.o
 .note.GNU-stack
                0x0000000000000000        0x0 binaries/getprio.o
 .note.GNU-stack
                0x0000000000000000        0x0 binaries/getstk.o
 .note.GNU-stack
                0x0000000000000000        0x0 binaries/gettime.o
 .note.GNU-stack
                0x0000000000000000        0x0 binaries/getutime.o
 .note.GNU-stack
                0x0000000000000000        0x0 binaries/init.o
 .note.GNU-stack
                0x0000000000000000        0x0 binaries/initialize.o
 .note.GNU-stack
                0x0000000000000000        0x0 binaries/insert.o
 .note.GNU-stack
                0x0000000000000000        0x0 binaries/insertd.o
 .note.GNU-stack
                0x0000000000000000        0x0 binaries/ioerr.o
 .note.GNU-stack
                0x0000000000000000        0x0 binaries/iointensive.o
 .note.GNU-stack
                0x0000000000000000        0x0 binaries/ionull.o
 .note.GNU-stack
                0x0000000000000000        0x0 binaries/kill.o
 .note.GNU-stack
                0x0000000000000000        0x0 binaries/kprintf.o
 .note.GNU-stack
                0x0000000000000000        0x0 binaries/lab0app1.o
 .note.GNU-stack
                0x0000000000000000        0x0 binaries/lab0app2.o
 .note.GNU-stack
                0x0000000000000000        0x0 binaries/main.o
 .note.GNU-stack
                0x0000000000000000        0x0 binaries/mark.o
 .note.GNU-stack
                0x0000000000000000        0x0 binaries/meminit.o
 .note.GNU-stack
                0x0000000000000000        0x0 binaries/mkbufpool.o
 .note.GNU-stack
                0x0000000000000000        0x0 binaries/myattacker.o
 .note.GNU-stack
                0x0000000000000000        0x0 binaries/myattackermalware.o
 .note.GNU-stack
                0x0000000000000000        0x0 binaries/myvictim.o
 .note.GNU-stack
                0x0000000000000000        0x0 binaries/newqueue.o
 .note.GNU-stack
                0x0000000000000000        0x0 binaries/open.o
 .note.GNU-stack
                0x0000000000000000        0x0 binaries/panic.o
 .note.GNU-stack
                0x0000000000000000        0x0 binaries/pci.o
 .note.GNU-stack
                0x0000000000000000        0x0 binaries/platinit.o
 .note.GNU-stack
                0x0000000000000000        0x0 binaries/printloop.o
 .note.GNU-stack
                0x0000000000000000        0x0 binaries/printnoloop.o
 .note.GNU-stack
                0x0000000000000000        0x0 binaries/printsegaddress.o
 .note.GNU-stack
                0x0000000000000000        0x0 binaries/ptclear.o
 .note.GNU-stack
                0x0000000000000000        0x0 binaries/ptcount.o
 .note.GNU-stack
                0x0000000000000000        0x0 binaries/ptcreate.o
 .note.GNU-stack
                0x0000000000000000        0x0 binaries/ptdelete.o
 .note.GNU-stack
                0x0000000000000000        0x0 binaries/ptinit.o
 .note.GNU-stack
                0x0000000000000000        0x0 binaries/ptrecv.o
 .note.GNU-stack
                0x0000000000000000        0x0 binaries/ptreset.o
 .note.GNU-stack
                0x0000000000000000        0x0 binaries/ptsend.o
 .note.GNU-stack
                0x0000000000000000        0x0 binaries/putc.o
 .note.GNU-stack
                0x0000000000000000        0x0 binaries/quark_irq.o
 .note.GNU-stack
                0x0000000000000000        0x0 binaries/quark_pdat.o
 .note.GNU-stack
                0x0000000000000000        0x0 binaries/queue.o
 .note.GNU-stack
                0x0000000000000000        0x0 binaries/read.o
 .note.GNU-stack
                0x0000000000000000        0x0 binaries/ready.o
 .note.GNU-stack
                0x0000000000000000        0x0 binaries/receive.o
 .note.GNU-stack
                0x0000000000000000        0x0 binaries/recvclr.o
 .note.GNU-stack
                0x0000000000000000        0x0 binaries/recvtime.o
 .note.GNU-stack
                0x0000000000000000        0x0 binaries/resched.o
 .note.GNU-stack
                0x0000000000000000        0x0 binaries/resume.o
 .note.GNU-stack
                0x0000000000000000        0x0 binaries/seek.o
 .note.GNU-stack
                0x0000000000000000        0x0 binaries/semcount.o
 .note.GNU-stack
                0x0000000000000000        0x0 binaries/semcreate.o
 .note.GNU-stack
                0x0000000000000000        0x0 binaries/semdelete.o
 .note.GNU-stack
                0x0000000000000000        0x0 binaries/semreset.o
 .note.GNU-stack
                0x0000000000000000        0x0 binaries/send.o
 .note.GNU-stack
                0x0000000000000000        0x0 binaries/signal.o
 .note.GNU-stack
                0x0000000000000000        0x0 binaries/signaln.o
 .note.GNU-stack
                0x0000000000000000        0x0 binaries/sleep.o
 .note.GNU-stack
                0x0000000000000000        0x0 binaries/stackdepth.o
 .note.GNU-stack
                0x0000000000000000        0x0 binaries/stackdepth_linux.o
 .note.GNU-stack
                0x0000000000000000        0x0 binaries/stacktrace.o
 .note.GNU-stack
                0x0000000000000000        0x0 binaries/suspend.o
 .note.GNU-stack
                0x0000000000000000        0x0 binaries/unsleep.o
 .note.GNU-stack
                0x0000000000000000        0x0 binaries/userret.o
 .note.GNU-stack
                0x0000000000000000        0x0 binaries/wait.o
 .note.GNU-stack
                0x0000000000000000        0x0 binaries/wakeup.o
 .note.GNU-stack
                0x0000000000000000        0x0 binaries/write.o
 .note.GNU-stack
                0x0000000000000000        0x0 binaries/xdone.o
 .note.GNU-stack
                0x0000000000000000        0x0 binaries/yield.o
 .note.GNU-stack
                0x0000000000000000        0x0 binaries/abs.o
 .note.GNU-stack
                0x0000000000000000        0x0 binaries/atoi.o
 .note.GNU-stack
                0x0000000000000000        0x0 binaries/atol.o
 .note.GNU-stack
                0x0000000000000000        0x0 binaries/bzero.o
 .note.GNU-stack
                0x0000000000000000        0x0 binaries/ctype_.o
 .note.GNU-stack
                0x0000000000000000        0x0 binaries/doprnt.o
 .note.GNU-stack
                0x0000000000000000        0x0 binaries/doscan.o
 .note.GNU-stack
                0x0000000000000000        0x0 binaries/fdoprnt.o
 .note.GNU-stack
                0x0000000000000000        0x0 binaries/fgetc.o
 .note.GNU-stack
                0x0000000000000000        0x0 binaries/fgets.o
 .note.GNU-stack
                0x0000000000000000        0x0 binaries/fprintf.o
 .note.GNU-stack
                0x0000000000000000        0x0 binaries/fputc.o
 .note.GNU-stack
                0x0000000000000000        0x0 binaries/fputs.o
 .note.GNU-stack
                0x0000000000000000        0x0 binaries/fscanf.o
 .note.GNU-stack
                0x0000000000000000        0x0 binaries/getchar.o
 .note.GNU-stack
                0x0000000000000000        0x0 binaries/labs.o
 .note.GNU-stack
                0x0000000000000000        0x0 binaries/memchr.o
 .note.GNU-stack
                0x0000000000000000        0x0 binaries/memcmp.o
 .note.GNU-stack
                0x0000000000000000        0x0 binaries/memcpy.o
 .note.GNU-stack
                0x0000000000000000        0x0 binaries/memset.o
 .note.GNU-stack
                0x0000000000000000        0x0 binaries/printf.o
 .note.GNU-stack
                0x0000000000000000        0x0 binaries/putchar.o
 .note.GNU-stack
                0x0000000000000000        0x0 binaries/qsort.o
 .note.GNU-stack
                0x0000000000000000        0x0 binaries/rand.o
 .note.GNU-stack
                0x0000000000000000        0x0 binaries/sprintf.o
 .note.GNU-stack
                0x0000000000000000        0x0 binaries/sscanf.o
 .note.GNU-stack
                0x0000000000000000        0x0 binaries/strchr.o
 .note.GNU-stack
                0x0000000000000000        0x0 binaries/strcmp.o
 .note.GNU-stack
                0x0000000000000000        0x0 binaries/strcpy.o
 .note.GNU-stack
                0x0000000000000000        0x0 binaries/strlen.o
 .note.GNU-stack
                0x0000000000000000        0x0 binaries/strncat.o
 .note.GNU-stack
                0x0000000000000000        0x0 binaries/strncmp.o
 .note.GNU-stack
                0x0000000000000000        0x0 binaries/strncpy.o
 .note.GNU-stack
                0x0000000000000000        0x0 binaries/strnlen.o
 .note.GNU-stack
                0x0000000000000000        0x0 binaries/strrchr.o
 .note.GNU-stack
                0x0000000000000000        0x0 binaries/strstr.o
 .note.GNU-stack
                0x0000000000000000        0x0 binaries/ttycontrol.o
 .note.GNU-stack
                0x0000000000000000        0x0 binaries/ttygetc.o
 .note.GNU-stack
                0x0000000000000000        0x0 binaries/ttyhandle_in.o
 .note.GNU-stack
                0x0000000000000000        0x0 binaries/ttyhandle_out.o
 .note.GNU-stack
                0x0000000000000000        0x0 binaries/ttyhandler.o
 .note.GNU-stack
                0x0000000000000000        0x0 binaries/ttyinit.o
 .note.GNU-stack
                0x0000000000000000        0x0 binaries/ttykickout.o
 .note.GNU-stack
                0x0000000000000000        0x0 binaries/ttyputc.o
 .note.GNU-stack
                0x0000000000000000        0x0 binaries/ttyread.o
 .note.GNU-stack
                0x0000000000000000        0x0 binaries/ttywrite.o
 .note.GNU-stack
                0x0000000000000000        0x0 binaries/mount.o
 .note.GNU-stack
                0x0000000000000000        0x0 binaries/naminit.o
 .note.GNU-stack
                0x0000000000000000        0x0 binaries/nammap.o
 .note.GNU-stack
                0x0000000000000000        0x0 binaries/namopen.o
 .note.GNU-stack
                0x0000000000000000        0x0 binaries/colon2mac.o
 .note.GNU-stack
                0x0000000000000000        0x0 binaries/ethcontrol.o
 .note.GNU-stack
                0x0000000000000000        0x0 binaries/ethhandler.o
 .note.GNU-stack
                0x0000000000000000        0x0 binaries/ethinit.o
 .note.GNU-stack
                0x0000000000000000        0x0 binaries/ethmcast.o
 .note.GNU-stack
                0x0000000000000000        0x0 binaries/ethread.o
 .note.GNU-stack
                0x0000000000000000        0x0 binaries/ethwrite.o
 .note.GNU-stack
                0x0000000000000000        0x0 binaries/rdsbufalloc.o
 .note.GNU-stack
                0x0000000000000000        0x0 binaries/rdsclose.o
 .note.GNU-stack
                0x0000000000000000        0x0 binaries/rdscomm.o
 .note.GNU-stack
                0x0000000000000000        0x0 binaries/rdscontrol.o
 .note.GNU-stack
                0x0000000000000000        0x0 binaries/rdsinit.o
 .note.GNU-stack
                0x0000000000000000        0x0 binaries/rdsopen.o
 .note.GNU-stack
                0x0000000000000000        0x0 binaries/rdsprocess.o
 .note.GNU-stack
                0x0000000000000000        0x0 binaries/rdsread.o
 .note.GNU-stack
                0x0000000000000000        0x0 binaries/rdswrite.o
 .note.GNU-stack
                0x0000000000000000        0x0 binaries/ramclose.o
 .note.GNU-stack
                0x0000000000000000        0x0 binaries/raminit.o
 .note.GNU-stack
                0x0000000000000000        0x0 binaries/ramopen.o
 .note.GNU-stack
                0x0000000000000000        0x0 binaries/ramread.o
 .note.GNU-stack
                0x0000000000000000        0x0 binaries/ramwrite.o
 .note.GNU-stack
                0x0000000000000000        0x0 binaries/lfdballoc.o
 .note.GNU-stack
                0x0000000000000000        0x0 binaries/lfdbfree.o
 .note.GNU-stack
                0x0000000000000000        0x0 binaries/lfflush.o
 .note.GNU-stack
                0x0000000000000000        0x0 binaries/lfgetmode.o
 .note.GNU-stack
                0x0000000000000000        0x0 binaries/lfiballoc.o
 .note.GNU-stack
                0x0000000000000000        0x0 binaries/lfibclear.o
 .note.GNU-stack
                0x0000000000000000        0x0 binaries/lfibget.o
 .note.GNU-stack
                0x0000000000000000        0x0 binaries/lfibput.o
 .note.GNU-stack
                0x0000000000000000        0x0 binaries/lflclose.o
 .note.GNU-stack
                0x0000000000000000        0x0 binaries/lflcontrol.o
 .note.GNU-stack
                0x0000000000000000        0x0 binaries/lflgetc.o
 .note.GNU-stack
                0x0000000000000000        0x0 binaries/lflinit.o
 .note.GNU-stack
                0x0000000000000000        0x0 binaries/lflputc.o
 .note.GNU-stack
                0x0000000000000000        0x0 binaries/lflread.o
 .note.GNU-stack
                0x0000000000000000        0x0 binaries/lflseek.o
 .note.GNU-stack
                0x0000000000000000        0x0 binaries/lflwrite.o
 .note.GNU-stack
                0x0000000000000000        0x0 binaries/lfsckfmt.o
 .note.GNU-stack
                0x0000000000000000        0x0 binaries/lfscreate.o
 .note.GNU-stack
                0x0000000000000000        0x0 binaries/lfsetup.o
 .note.GNU-stack
                0x0000000000000000        0x0 binaries/lfsinit.o
 .note.GNU-stack
                0x0000000000000000        0x0 binaries/lfsopen.o
 .note.GNU-stack
                0x0000000000000000        0x0 binaries/lftruncate.o
 .note.GNU-stack
                0x0000000000000000        0x0 binaries/rflclose.o
 .note.GNU-stack
                0x0000000000000000        0x0 binaries/rflgetc.o
 .note.GNU-stack
                0x0000000000000000        0x0 binaries/rflinit.o
 .note.GNU-stack
                0x0000000000000000        0x0 binaries/rflputc.o
 .note.GNU-stack
                0x0000000000000000        0x0 binaries/rflread.o
 .note.GNU-stack
                0x0000000000000000        0x0 binaries/rflseek.o
 .note.GNU-stack
                0x0000000000000000        0x0 binaries/rflwrite.o
 .note.GNU-stack
                0x0000000000000000        0x0 binaries/rfscomm.o
 .note.GNU-stack
                0x0000000000000000        0x0 binaries/rfscontrol.o
 .note.GNU-stack
                0x0000000000000000        0x0 binaries/rfsgetmode.o
 .note.GNU-stack
                0x0000000000000000        0x0 binaries/rfsinit.o
 .note.GNU-stack
                0x0000000000000000        0x0 binaries/rfsndmsg.o
 .note.GNU-stack
                0x0000000000000000        0x0 binaries/rfsopen.o
 .note.GNU-stack
                0x0000000000000000        0x0 binaries/arp.o
 .note.GNU-stack
                0x0000000000000000        0x0 binaries/dhcp.o
 .note.GNU-stack
                0x0000000000000000        0x0 binaries/dot2ip.o
 .note.GNU-stack
                0x0000000000000000        0x0 binaries/hexdump.o
 .note.GNU-stack
                0x0000000000000000        0x0 binaries/icmp.o
 .note.GNU-stack
                0x0000000000000000        0x0 binaries/ip.o
 .note.GNU-stack
                0x0000000000000000        0x0 binaries/net.o
 .note.GNU-stack
                0x0000000000000000        0x0 binaries/netstart.o
 .note.GNU-stack
                0x0000000000000000        0x0 binaries/pdump.o
 .note.GNU-stack
                0x0000000000000000        0x0 binaries/tftp.o
 .note.GNU-stack
                0x0000000000000000        0x0 binaries/udp.o
 .note.GNU-stack
                0x0000000000000000        0x0 binaries/addargs.o
 .note.GNU-stack
                0x0000000000000000        0x0 binaries/lexan.o
 .note.GNU-stack
                0x0000000000000000        0x0 binaries/shell.o
 .note.GNU-stack
                0x0000000000000000        0x0 binaries/xsh_addtwonums.o
 .note.GNU-stack
                0x0000000000000000        0x0 binaries/xsh_argecho.o
 .note.GNU-stack
                0x0000000000000000        0x0 binaries/xsh_arp.o
 .note.GNU-stack
                0x0000000000000000        0x0 binaries/xsh_cat.o
 .note.GNU-stack
                0x0000000000000000        0x0 binaries/xsh_clear.o
 .note.GNU-stack
                0x0000000000000000        0x0 binaries/xsh_date.o
 .note.GNU-stack
                0x0000000000000000        0x0 binaries/xsh_devdump.o
 .note.GNU-stack
                0x0000000000000000        0x0 binaries/xsh_echo.o
 .note.GNU-stack
                0x0000000000000000        0x0 binaries/xsh_exit.o
 .note.GNU-stack
                0x0000000000000000        0x0 binaries/xsh_help.o
 .note.GNU-stack
                0x0000000000000000        0x0 binaries/xsh_ipaddr.o
 .note.GNU-stack
                0x0000000000000000        0x0 binaries/xsh_kill.o
 .note.GNU-stack
                0x0000000000000000        0x0 binaries/xsh_memdump.o
 .note.GNU-stack
                0x0000000000000000        0x0 binaries/xsh_memstat.o
 .note.GNU-stack
                0x0000000000000000        0x0 binaries/xsh_ping.o
 .note.GNU-stack
                0x0000000000000000        0x0 binaries/xsh_ps.o
 .note.GNU-stack
                0x0000000000000000        0x0 binaries/xsh_sleep.o
 .note.GNU-stack
                0x0000000000000000        0x0 binaries/xsh_udpdump.o
 .note.GNU-stack
                0x0000000000000000        0x0 binaries/xsh_udpecho.o
 .note.GNU-stack
                0x0000000000000000        0x0 binaries/xsh_udpeserver.o
 .note.GNU-stack
                0x0000000000000000        0x0 binaries/xsh_uptime.o
